node.exe : ΓÜá `images.domains` is deprecated in favor of 
`images.remotePatterns`. Please update next.config.ts to protect your 
application from malicious users.
At C:\Program Files\nodejs\npx.ps1:29 char:3
+   & $NODE_EXE $NPX_CLI_JS $args
+   ~~~~~~~~~~~~~~~~~~~~~~~~~~~~~
    + CategoryInfo          : NotSpecified: (ΓÜá `images.dom...alicious users. 
   :String) [], RemoteException
    + FullyQualifiedErrorId : NativeCommandError
 
Γû▓ Next.js 16.1.6 (Turbopack)
- Environments: .env.local, .env

  Creating an optimized production build ...
Γ£ô Compiled successfully in 13.7s
  Running TypeScript ...
  Collecting page data using 3 workers ...
  Generating static pages using 3 workers (0/14) ...
  Generating static pages using 3 workers (3/14) 
  Generating static pages using 3 workers (6/14) 
  Generating static pages using 3 workers (10/14) 
Γ£ô Generating static pages using 3 workers (14/14) in 1708.7ms
  Finalizing page optimization ...

Route (app)
Γöî Γùï /
Γö£ Γùï /_not-found
Γö£ ╞Æ /api/auth/login
Γö£ ╞Æ /api/auth/register
Γö£ ╞Æ /api/generate
Γö£ ╞Æ /api/generate-image
Γö£ ╞Æ /api/logos
Γö£ Γùï /auth/signin
Γö£ Γùï /auth/signup
Γö£ Γùï /dashboard
Γö£ ╞Æ /editor/[id]
Γö£ Γùï /generate
Γöö Γùï /pricing


Γùï  (Static)   prerendered as static content
╞Æ  (Dynamic)  server-rendered on demand

